!***************  PROJECT CONTRIBUTION  ******************************************************** 

!*** GMF?

!*** Special entries from eclipse

plugin@org.eclipse.test=v20080313,:pserver:anonymous:none@dev.eclipse.org:/cvsroot/eclipse,
fragment@org.eclipse.ant.optional.junit=v20070202,:pserver:anonymous:none@dev.eclipse.org:/cvsroot/eclipse,

!** amp: plugin@org.apache.commons.collections=HEAD,:pserver:anonymous:none@dev.eclipse.org:/cvsroot/modeling,,org.eclipse.amp/dependencies/plugins/org.apache.commons.collections

!***DEPENDENCIES
!** plugin@org.eclipse.emf.java=HEAD,:pserver:anonymous:none@dev.eclipse.org:/cvsroot/modeling,,org.eclipse.amp/dependencies/plugins/org.eclipse.emf.java
!** amp: plugin@org.ascape.ui.amp=HEAD,:pserver:anonymous:none@dev.eclipse.org:/cvsroot/modeling,,org.eclipse.amp/org.ascape/plugins/org.ascape.ui.amp
!** amp: plugin@org.ascape.core=HEAD,:pserver:anonymous:none@dev.eclipse.org:/cvsroot/modeling,,org.eclipse.amp/org.ascape/plugins/org.ascape.core

!***GEF3D features
feature@org.eclipse.draw3d.feature=SVN,trunk,svn://dev.eclipse.org/svnroot/technology/org.eclipse.gef3d,,org.eclipse.draw3d.feature
feature@org.eclipse.gef3d.feature=SVN,trunk,svn://dev.eclipse.org/svnroot/technology/org.eclipse.gef3d,,org.eclipse.gef3d.feature
feature@org.eclipse.gef3d.feature.examples=SVN,trunk,svn://dev.eclipse.org/svnroot/technology/org.eclipse.gef3d,,org.eclipse.gef3d.feature.examples
feature@org.eclipse.gef3d.feature.sdk=SVN,trunk,svn://dev.eclipse.org/svnroot/technology/org.eclipse.gef3d,,org.eclipse.gef3d.feature.sdk
feature@org.eclipse.gef3d.feature.test=SVN,trunk,svn://dev.eclipse.org/svnroot/technology/org.eclipse.gef3d,,org.eclipse.gef3d.feature.test


!***GEF3D draw3d
plugin@org.eclipse.draw3d=SVN,trunk,svn://dev.eclipse.org/svnroot/technology/org.eclipse.gef3d,,org.eclipse.draw3d
plugin@org.eclipse.draw3d.geometry=SVN,trunk,svn://dev.eclipse.org/svnroot/technology/org.eclipse.gef3d,,org.eclipse.draw3d.geometry
plugin@org.eclipse.draw3d.graphics3d=SVN,trunk,svn://dev.eclipse.org/svnroot/technology/org.eclipse.gef3d,,org.eclipse.draw3d.graphics3d
plugin@org.eclipse.draw3d.lwjgl=SVN,trunk,svn://dev.eclipse.org/svnroot/technology/org.eclipse.gef3d,,org.eclipse.draw3d.lwjgl
plugin@org.eclipse.draw3d.ui=SVN,trunk,svn://dev.eclipse.org/svnroot/technology/org.eclipse.gef3d,,org.eclipse.draw3d.ui

!***GEF3D core and ext
plugin@org.eclipse.gef3d=SVN,trunk,svn://dev.eclipse.org/svnroot/technology/org.eclipse.gef3d,,org.eclipse.gef3d
plugin@org.eclipse.gef3d.ext=SVN,trunk,svn://dev.eclipse.org/svnroot/technology/org.eclipse.gef3d,,org.eclipse.gef3d.ext
plugin@org.eclipse.gef3d.ext.emf=SVN,trunk,svn://dev.eclipse.org/svnroot/technology/org.eclipse.gef3d,,org.eclipse.gef3d.ext.emf
plugin@org.eclipse.gef3d.gmf=SVN,trunk,svn://dev.eclipse.org/svnroot/technology/org.eclipse.gef3d,,org.eclipse.gef3d.gmf

!***GEF3D examples
plugin@org.eclipse.gef3d.examples.graph=SVN,trunk,svn://dev.eclipse.org/svnroot/technology/org.eclipse.gef3d,,org.eclipse.gef3d.examples.graph
plugin@org.eclipse.gef3d.examples.ecore=SVN,trunk,svn://dev.eclipse.org/svnroot/technology/org.eclipse.gef3d,,org.eclipse.gef3d.examples.ecore
plugin@org.eclipse.gef3d.examples.uml2=SVN,trunk,svn://dev.eclipse.org/svnroot/technology/org.eclipse.gef3d,,org.eclipse.gef3d.examples.uml2

!***GEF3D documentation and source
plugin@org.eclipse.gef3d.doc=SVN,trunk,svn://dev.eclipse.org/svnroot/technology/org.eclipse.gef3d,,org.eclipse.gef3d.doc
plugin@org.eclipse.gef3d.source=SVN,trunk,svn://dev.eclipse.org/svnroot/technology/org.eclipse.gef3d,,org.eclipse.gef3d.source

!***GEF3D tests
plugin@org.eclipse.draw3d.test=SVN,trunk,svn://dev.eclipse.org/svnroot/technology/org.eclipse.gef3d,,org.eclipse.draw3d.test

!***GEF3D deprecated
!** deprecated: plugin@org.eclipse.draw3d.x3d=SVN,trunk,svn://dev.eclipse.org/svnroot/technology/org.eclipse.gef3d,,org.eclipse.draw3d.x3d


